// Jest Snapshot v1, https://goo.gl/fbAQLP

exports[`ArticleParser should parse article XML 1`] = `"Related research article  Srinivasan S, Kaplan CN, Mahadevan L. 2019. A multiphase theory for spreadingmicrobial swarms and films. eLife 8:e42697. doi: 10.7554/eLife.42697Related research article Zoolander D, Hansel, Mugatu J. 2019. Second related article title (if present). eLife 8:e00067. doi: 10.7554/eLife.00067Lorem ipsum dolor sit amet, consectetur adipiscing elit (; ). Etiam imperdiet tortor nec enim feugiat euismod . Etiam malesuada tristique quam non fringilla (). Curabitur sem neque, pretium et lorem ac, porta lobortis nisl. Curabitur suscipit semper sodales. Orci varius natoque penatibus et magnis dis parturient montes, nascetur ridiculus mus. Vivamus cursus faucibus felis, consequat rutrum neque vehicula eget (http://www.broadinstitute.org/igv/). Donec in neque et ligula tristique semper id sit amet quam. Proin varius, arcu posuere faucibus rhoncus, leo neque porttitor augue, sit amet cursus neque neque quis turpis. Maecenas dignissim aliquam orci, maximus scelerisque nisl imperdiet in. (; ; ).First entry (bullet)First sub-entry (bullet)Second sub-entry (bullet)First sub-entry (bullet)Second sub-entry (bullet)First sub-entry (bullet)Second sub-entry (bullet)Second entry (bullet) integer suscipit purus a semper dictum . Duis finibus elementum ex sit amet pulvinar (; ). Cras  nec est in sem iaculis fermentum (). Aenean sit amet turpis pulvinar, ornare nisl ac, porta nisl. Vivamus sit amet maximus elit (Figure 1). Duis a ultrices augue. Duis id ipsum iaculis, imperdiet leo a, cursus purus ().Etiam nunc eros, porttitor tincidunt libero eu (), varius pretium nibh (; ; ). Curabitur nibh libero, gravida eu ex vel, rhoncus finibus est. Aliquam viverra augue vel posuere tempus (proin pharetra posuere eros vitae semper []). Duis aliquam ac ex non tristique. Nulla dignissim vel ipsum at vulputate (; ). Nam orci ipsum, dapibus ac sagittis non, blandit non enim ().Phasellus ac nisl a erat congue fringilla/fringilla. Maecenas nulla leo , viverra ut tortor at, tristique maximus urna. Aenean commodo mauris sapien, a vulputate sapien porttitor nec (see Figures 1 and 2). Integer id aliquam libero. Duis euismod velit augue, id ultricies enim varius sit amet.Integer in dui quis velit iaculis rhoncus (European Galaxy Server https://usegalaxy.eu). Vestibulum nec nulla eget nisi  cursus dignissim non sed felis (donec tincidunt vulputate lectus non malesuada [; ]). Nulla condimentum porttitor arcu a posuere. Duis dictum diam sit amet mauris elementum luctus. Mauris placerat arcu ut lobortis ultricies. Nunc ultricies, ante eget mollis viverra, elit urna feugiat nibh, malesuada dictum nulla est at lorem. Proin id ligula ligula. Nulla eu risus porta, ornare eros id, sodales risus(; ). Proin id metus in neque rutrum venenatis eget sed ante (). Pellentesque nec justo a orci sodales dapibus. Etiam quis felis feugiat, lobortis dui semper, imperdiet est.The resolution of a microscope, , is defined as the shortest distance between two points on a specimen that can still be seen as two distinct points in the image. In 1873 Ernst Abbe showed that diffraction limited the resolution of a microscope to , where is the wavelength of the light, is the refractive index of the medium the light travels through, and is the half-angle at which the objective captures light from the sample: is also known as the \\"numerical aperture\\" of the objective.Cras at diam eu mauris scelerisque fermentum . Sed semper mauris eget nulla faucibus, sed ultricies ligula pellentesque. Donec posuere mi non quam dapibus egestas scelerisque non magna. Vestibulum sit amet bibendum tortor. Interdum et malesuada fames ac ante ipsum primis in faucibus (; ; ).Praesent lobortis tempus nisi ac pulvinar (). Praesent at nulla ac lorem faucibus finibus. Ut vel maximus tortor, in dictum arcu. Proin condimentum felis eu dignissim posuere. Vivamus a tincidunt justo, eu eleifend mauris. Mauris porttitor erat eu purus dignissim, sed consectetur odio pharetra. Integer a lorem commodo, tempus nulla sed, vehicula metus. Nunc laoreet erat sed nibh iaculis aliquam. Nullam maximus ligula eu sem dictum dignissim.First entry (ordered)First sub-entry (bullet)Second sub-entry (bullet)First sub-entry (bullet)Second sub-entry (bullet)First sub-entry (bullet)Second sub-entry (bullet)Second entry (ordered)DisclaimerThe content of this publication does not necessarily reflect the views or policies of the Department of Health and Human Services, nor does mention of trade names, commercial products, or organizations imply endorsement by the US Government.Second level headingThe content of the second level sectionThird level headingThe content of the third level sectionFourth level headingThe content of the fourth level section"`;
