// Jest Snapshot v1, https://goo.gl/fbAQLP

exports[`serializeManuscript serializes manuscript 1`] = `
"<?xml version=\\"1.0\\" encoding=\\"UTF-8\\"?><!DOCTYPE article PUBLIC \\"-//NLM//DTD JATS (Z39.96) Journal Archiving and Interchange DTD v1.1 20151215//EN\\" \\"JATS-archivearticle1.dtd\\">
<article article-type=\\"article-commentary\\" dtd-version=\\"1.2\\" xmlns:ali=\\"http://www.niso.org/schemas/ali/1.0/\\" xmlns:xlink=\\"http://www.w3.org/1999/xlink\\">
    <front>
        <journal-meta>
            <journal-id journal-id-type=\\"nlm-ta\\">elife</journal-id>
            <journal-id journal-id-type=\\"publisher-id\\">eLife</journal-id>
            <journal-title-group>
                <journal-title>eLife</journal-title>
            </journal-title-group>
            <issn pub-type=\\"epub\\" publication-format=\\"electronic\\">2050-084X</issn>
            <publisher>
                <publisher-name>eLife Sciences Publications, Ltd</publisher-name>
            </publisher>
        </journal-meta>
        <article-meta>
            <article-id pub-id-type=\\"publisher-id\\">00104</article-id>
            <article-id pub-id-type=\\"doi\\">10.7554/eLife.00104</article-id>
            <article-categories>
                <subj-group subj-group-type=\\"heading\\">
                    <subject>Insight</subject>
                </subj-group>
                <subj-group subj-group-type=\\"major-subject\\">
                    <subject>Cell Biology</subject>
                </subj-group>
                <subj-group subj-group-type=\\"major-subject\\">
                    <subject>Genetics and Genomics</subject>
                </subj-group>
                <subj-group subj-group-type=\\"sub-display-channel\\">
                    <subject>Libero Editor</subject>
                </subj-group>
            </article-categories>
            <title-group>
                <article-title>Example <italic>eLife</italic> Insight<sup>2</sup> article with a complete<sub>2</sub> reference 'front' section</article-title>
            </title-group>
            <contrib-group content-type=\\"authors\\"><contrib contrib-type=\\"author\\" corresp=\\"yes\\"><name><given-names>Fred</given-names><surname>Atherden</surname></name><contrib-id contrib-id-type=\\"orcid\\" authenticated=\\"true\\">https://orcid.org/0000-0002-6048-1470</contrib-id><email>f.atherden@elifesciences.org</email><bio><p><bold>Fred Atherden</bold> is in the Production Department, eLife Sciences, Cambridge, United Kingdoms <ext-link xlink:href=\\"http://creativecommons.org/licenses/by/4.0/\\" ext-link-type=\\"uri\\">Creative Commons Attribution License</ext-link></p></bio><xref rid=\\"aff1\\" ref-type=\\"aff\\">1</xref><xref rid=\\"aff2\\" ref-type=\\"aff\\">2</xref><xref ref-type=\\"author-notes\\" rid=\\"con1\\"/></contrib><contrib contrib-type=\\"author\\"><name><given-names>Jeanine</given-names><surname>Smith</surname><suffix>III</suffix></name><bio><p><bold>Jeanine Smith III</bold> is in the Department, University, City, Country</p></bio><xref rid=\\"aff2\\" ref-type=\\"aff\\">2</xref><xref ref-type=\\"author-notes\\" rid=\\"con2\\"/></contrib><contrib contrib-type=\\"author\\"><name><given-names>Jack</given-names><surname>London</surname><suffix>III</suffix></name><bio><p><bold>Jeanine Smith III</bold> is in the Department, University, City, Country</p></bio><xref rid=\\"aff2\\" ref-type=\\"aff\\">2</xref><xref ref-type=\\"author-notes\\" rid=\\"con2\\"/></contrib><contrib contrib-type=\\"author\\"><name><given-names>Mark</given-names><surname>Twain</surname><suffix>III</suffix></name><bio><p><bold>Jeanine Smith III</bold> is in the Department, University, City, Country</p></bio><xref rid=\\"aff2\\" ref-type=\\"aff\\">2</xref><xref ref-type=\\"author-notes\\" rid=\\"con2\\"/></contrib><contrib contrib-type=\\"author\\"><name><given-names>Alexandr</given-names><surname>Solzhenitsin</surname><suffix>III</suffix></name><bio><p/></bio><xref rid=\\"aff2\\" ref-type=\\"aff\\">2</xref><xref ref-type=\\"author-notes\\" rid=\\"con2\\"/></contrib><aff id=\\"aff1\\"><label>1</label><institution>Production Department, eLife Sciences</institution><city>Cambridge</city><country>United Kingdom</country></aff><aff id=\\"aff2\\"><label>2</label><institution>Department, University</institution><city>City</city><country>Country</country></aff></contrib-group>
          <author-notes>
            
            
            <fn fn-type=\\"con\\" id=\\"equal-contrib1\\">
              <label>†</label>
              <p>These authors contributed equally to this work</p>
            </fn>
          <fn fn-type=\\"COI-statement\\" id=\\"con1\\"><p>Is an employee of eLife. No other competing interests exist</p></fn><fn fn-type=\\"COI-statement\\" id=\\"con2\\"><p>No competing interests declared</p></fn></author-notes>
          <pub-date date-type=\\"pub\\" publication-format=\\"electronic\\">
            <day>30</day>
            <month>11</month>
            <year>2019</year>
          </pub-date>
          <pub-date pub-type=\\"collection\\">
            <year>2019</year>
          </pub-date>
          <volume>8</volume>
          <elocation-id>e00104</elocation-id>
          <!-- We don't want this information in Insights, but including here as it has been added historically and it seems that Libero Editor will have to deal with them. -->
          <history>
            <date date-type=\\"received\\" iso-8601-date=\\"2019-05-14\\">
              <day>14</day>
              <month>05</month>
              <year>2019</year>
            </date>
            <date date-type=\\"accepted\\" iso-8601-date=\\"2019-11-20\\">
              <day>20</day>
              <month>11</month>
              <year>2019</year>
            </date>
          </history>
          <permissions>
            <copyright-statement>© 2019, Atherden and Smith</copyright-statement>
            <copyright-year>2019</copyright-year>
            <copyright-holder>Atherden and Smith</copyright-holder>
            <ali:free_to_read/>
            <license xlink:href=\\"http://creativecommons.org/licenses/by/4.0/\\">
              <ali:license_ref>http://creativecommons.org/licenses/by/4.0/</ali:license_ref>
              <license-p>This article is distributed under the terms of the <ext-link ext-link-type=\\"uri\\" xlink:href=\\"http://creativecommons.org/licenses/by/4.0/\\">Creative Commons Attribution License</ext-link>, which permits unrestricted use and redistribution provided that the original author and source are credited.</license-p>
            </license>
          </permissions>
          <self-uri content-type=\\"pdf\\" xlink:href=\\"elife-52631-v1.pdf\\"/>
          
          
          <abstract><p>New studies examine how the different sub-structures in the <italic>sed nisi</italic> neque<sub>2</sub>, ornare id enim<sup>1</sup> et, dapibus rutrum urna.</p></abstract>
          <!-- Impact statement, which in Insights is the same as the abstract -->
          <abstract abstract-type=\\"toc\\"><p>New studies examine how the different sub-structures in the <italic>sed nisi</italic> neque<sub>2</sub>, ornare id enim<sup>1</sup> et, dapibus rutrum urna.</p></abstract>
          
          
          <custom-meta-group>
            <custom-meta specific-use=\\"meta-only\\">
              <meta-name>Template</meta-name>
              <meta-value>1</meta-value>
            </custom-meta>
          </custom-meta-group>
        <related-article ext-link-type=\\"doi\\" id=\\"ra1\\" related-article-type=\\"commentary-article\\" xlink:href=\\"10.7554/eLife.42697\\"/><related-article ext-link-type=\\"doi\\" id=\\"ra2\\" related-article-type=\\"commentary-article\\" xlink:href=\\"10.7554/eLife.00067\\"/><kwd-group kwd-group-type=\\"author-keywords\\"><kwd>cerebellum</kwd><kwd>climbing fiber</kwd><kwd>reinforcement learning</kwd><kwd><italic>vitae</italic></kwd><kwd>Purkinje cells</kwd></kwd-group><kwd-group kwd-group-type=\\"research-organism\\"><title>Research organism</title><kwd>Mouse</kwd></kwd-group></article-meta>
    </front>
  <body><boxed-text><p><bold>Related research article</bold> <xref ref-type=\\"bibr\\" rid=\\"bib5\\">Harmon (2019)</xref> Srinivasan S, Kaplan CN, Mahadevan L. 2019. A multiphase theory for spreadingmicrobial swarms and films. <italic>eLife</italic> <bold>8</bold>:e42697. doi: <ext-link xlink:href=\\"http://doi.org/10.7554/eLife.42697\\" ext-link-type=\\"uri\\">10.7554/eLife.42697</ext-link></p><p><bold>Related research article</bold> Zoolander D, Hansel, Mugatu J. 2019. Second related article title (if present). <italic>eLife</italic> <bold>8</bold>:e00067. doi: <ext-link xlink:href=\\"http://doi.org/10.7554/eLife.00067\\" ext-link-type=\\"uri\\">10.7554/eLife.00067</ext-link></p></boxed-text><p>Lorem ipsum dolor <italic>sit amet</italic>, consectetur adipiscing elit (<xref ref-type=\\"bibr\\" rid=\\"bib20\\">Srinivasan et al., 2019</xref>; <xref ref-type=\\"bibr\\" rid=\\"bib25\\">Zoolander et al., 2019</xref>). Etiam imperdiet tortor nec enim feugiat euismod <xref ref-type=\\"bibr\\" rid=\\"bib2\\">Feyerabend (2010)</xref>. Etiam malesuada tristique quam non fringilla (<xref ref-type=\\"bibr\\" rid=\\"bib3\\">Foley et al., 2018</xref>). Curabitur sem neque, pretium et lorem ac, porta lobortis nisl. Curabitur suscipit semper sodales. Orci varius natoque penatibus et magnis dis parturient montes, nascetur ridiculus mus. Vivamus cursus faucibus felis, consequat rutrum neque vehicula eget (<ext-link xlink:href=\\"http://www.broadinstitute.org/igv/\\" ext-link-type=\\"uri\\">http://www.broadinstitute.org/igv/</ext-link>). Donec in neque et ligula tristique semper id sit amet quam. Proin varius, arcu posuere faucibus rhoncus, leo neque porttitor augue, sit amet cursus neque neque quis turpis. Maecenas dignissim aliquam orci, maximus scelerisque nisl imperdiet in. (<xref ref-type=\\"bibr\\" rid=\\"bib1\\">Berk et al., 2012</xref>; <xref ref-type=\\"bibr\\" rid=\\"bib4\\">Gavrilov et al., 2014</xref>; <xref ref-type=\\"bibr\\" rid=\\"bib24\\">Zhang et al., 2014</xref>).</p><fig><label>Figure 1.</label><graphic mime-subtype=\\"tiff\\"  xlink:href=\\"elife-60263-fig1.tif\\" mimetype=\\"image\\"/><caption><title/><p/><p/></caption></fig><fig><label>Figure 2.</label><graphic mime-subtype=\\"tiff\\"  xlink:href=\\"elife-60263-fig2.tif\\" mimetype=\\"image\\"/><caption><title/><p/><p/></caption></fig><ul><li><p>First entry (bullet)</p><ul><li><p>First sub-entry (bullet)</p></li><li><p>Second sub-entry (bullet)</p><ul><li><p>First sub-entry (bullet)</p></li><li><p>Second sub-entry (bullet)</p><ul><li><p>First sub-entry (bullet)</p></li><li><p>Second sub-entry (bullet)</p></li></ul></li></ul></li></ul></li><li><p>Second entry (bullet)</p></li></ul><p><xref ref-type=\\"bibr\\" rid=\\"bib5\\">Harmon (2019)</xref> integer suscipit purus a semper dictum . Duis finibus elementum ex sit amet pulvinar (<xref ref-type=\\"bibr\\" rid=\\"bib5\\">Harmon, 2019</xref>; <xref ref-type=\\"bibr\\" rid=\\"bib7\\">Heissler and Sellers, 2016b</xref>). Cras <xref ref-type=\\"bibr\\" rid=\\"bib7\\">Heissler and Sellers (2016b)</xref> nec est in sem iaculis fermentum (<xref ref-type=\\"bibr\\" rid=\\"bib8\\">Hogarth et al., 2012</xref>). Aenean sit amet turpis pulvinar, ornare nisl ac, porta nisl. Vivamus sit amet maximus elit (<a href=\\"#\\" class=\\"citation\\" data-cit-type=\\"figure\\" data-fig-ids=\\"fig1\\">Figure 1</a>). Duis a ultrices augue. Duis id ipsum iaculis, imperdiet leo a, cursus purus (<xref ref-type=\\"bibr\\" rid=\\"bib9\\">Kok et al., 2015</xref>).</p><p>Etiam nunc eros, porttitor tincidunt libero eu (<xref ref-type=\\"bibr\\" rid=\\"bib10\\">Li, 2013</xref>), varius pretium nibh (<xref ref-type=\\"bibr\\" rid=\\"bib12\\">Miller et al., 2011</xref>; <xref ref-type=\\"bibr\\" rid=\\"bib14\\">Murray et al., 2019</xref>; <xref ref-type=\\"bibr\\" rid=\\"bib15\\">Onoda, 2015</xref>). Curabitur nibh libero, gravida eu ex vel, rhoncus finibus est. Aliquam viverra augue vel posuere tempus (proin pharetra posuere eros vitae semper [<xref ref-type=\\"bibr\\" rid=\\"bib11\\">Linares, 2019</xref>]). Duis aliquam ac ex non tristique. Nulla dignissim vel ipsum at vulputate (<xref ref-type=\\"bibr\\" rid=\\"bib13\\">Mulvihill, 2010</xref>; <xref ref-type=\\"bibr\\" rid=\\"bib23\\">World Health Organization, 2015</xref>). Nam orci ipsum, dapibus ac sagittis non, blandit non enim (<xref ref-type=\\"bibr\\" rid=\\"bib16\\">R Development Core Team, 2014</xref>).</p><p>Phasellus ac nisl a erat congue fringilla/fringilla. Maecenas nulla leo <xref ref-type=\\"bibr\\" rid=\\"bib26\\">Zz et al. (2019)</xref>, viverra ut tortor at, tristique maximus urna. Aenean commodo mauris sapien, a vulputate sapien porttitor nec (see <a href=\\"#\\" class=\\"citation\\" data-cit-type=\\"figure\\" data-fig-ids=\\"fig1 fig2\\">Figures 1 and 2</a>). Integer id aliquam libero. Duis euismod velit augue, id ultricies enim varius sit amet.</p><p>Integer in dui quis velit iaculis rhoncus (European Galaxy Server <ext-link xlink:href=\\"https://usegalaxy.eu\\" ext-link-type=\\"uri\\">https://usegalaxy.eu</ext-link>). Vestibulum nec nulla eget nisi <xref ref-type=\\"bibr\\" rid=\\"bib18\\">Schwartz, (19933</xref> cursus dignissim non sed felis (donec tincidunt vulputate lectus non malesuada [<xref ref-type=\\"bibr\\" rid=\\"bib20\\">Srinivasan et al., 2019</xref>; <xref ref-type=\\"bibr\\" rid=\\"bib21\\">Wahls, 2016</xref>]). Nulla condimentum porttitor arcu a posuere. Duis dictum diam sit amet mauris elementum luctus. Mauris placerat arcu ut lobortis ultricies. Nunc ultricies, ante eget mollis viverra, elit urna feugiat nibh, malesuada dictum nulla est at lorem. Proin id ligula ligula. Nulla eu risus porta, ornare eros id, sodales risus(<xref ref-type=\\"bibr\\" rid=\\"bib17\\">Read, 2015</xref>; <xref ref-type=\\"bibr\\" rid=\\"bib19\\">Spangler, 2014</xref>). Proin id metus in neque rutrum venenatis eget sed ante (<xref ref-type=\\"bibr\\" rid=\\"bib23\\">Walker, 1994</xref>). Pellentesque nec justo a orci sodales dapibus. Etiam quis felis feugiat, lobortis dui semper, imperdiet est.</p><p>The resolution of a microscope, , is defined as the shortest distance between two points on a specimen that can still be seen as two distinct points in the image. In 1873 Ernst Abbe showed that diffraction limited the resolution of a microscope to , where is the wavelength of the light, is the refractive index of the medium the light travels through, and is the half-angle at which the objective captures light from the sample: is also known as the \\"numerical aperture\\" of the objective.</p><p>Cras at diam eu mauris scelerisque fermentum . Sed semper mauris eget nulla faucibus, sed ultricies ligula pellentesque. Donec posuere mi non quam dapibus egestas scelerisque non magna. Vestibulum sit amet bibendum tortor. Interdum et malesuada fames ac ante ipsum primis in faucibus (<xref ref-type=\\"bibr\\" rid=\\"bib1\\">Berk et al., 2012</xref>; <xref ref-type=\\"bibr\\" rid=\\"bib4\\">Gavrilov et al., 2014</xref>; <xref ref-type=\\"bibr\\" rid=\\"bib24\\">Zhang et al., 2014</xref>).</p><p>Praesent lobortis tempus nisi ac pulvinar (<xref ref-type=\\"bibr\\" rid=\\"bib15\\">Onoda, 2015</xref>). Praesent at nulla ac lorem faucibus finibus. Ut vel maximus tortor, in dictum arcu. Proin condimentum felis eu dignissim posuere. Vivamus a tincidunt justo, eu eleifend mauris. Mauris porttitor erat eu purus dignissim, sed consectetur odio pharetra. Integer a lorem commodo, tempus nulla sed, vehicula metus. Nunc laoreet erat sed nibh iaculis aliquam. Nullam maximus ligula eu sem dictum dignissim.</p><ol><li><p>First entry (ordered)</p><ol><li><p>First sub-entry (bullet)</p></li><li><p>Second sub-entry (bullet)</p><ol><li><p>First sub-entry (bullet)</p></li><li><p>Second sub-entry (bullet)</p><ol><li><p>First sub-entry (bullet)</p></li><li><p>Second sub-entry (bullet)</p></li></ol></li></ol></li></ol></li><li><p>Second entry (ordered)</p></li></ol><h1 id=\\"unique_id\\">Disclaimer</h1><p>The content of this publication does not necessarily reflect the views or policies of the Department of Health and Human Services, nor does mention of trade names, commercial products, or organizations imply endorsement by the US Government.</p><h2 id=\\"unique_id\\">Second level heading</h2><p>The content of the second level section</p><h3 id=\\"unique_id\\">Third level heading</h3><p>The content of the third level section</p><h4 id=\\"unique_id\\">Fourth level heading</h4><p>The content of the fourth level section</p></body>
    <back>
        <ack id=\\"ack\\">
            <p>Acknowledgements section containing only paragraph type elements (no block content such as tables, figures and so on).</p></ack>
        <ref-list><title>References</title><ref id=\\"bib1\\"><element-citation publication-type=\\"journal\\"><person-group person-group-type=\\"author\\"><name><given-names>V</given-names><surname>Berk</surname></name><name><given-names>JC</given-names><surname>Fong</surname></name><name><given-names>GT</given-names><surname>Dempsey</surname></name><name><given-names>ON</given-names><surname>Develioglu</surname></name><name><given-names>X</given-names><surname>Zhuang</surname></name><name><given-names>J</given-names><surname>Liphardt</surname></name><name><given-names>FH</given-names><surname>Yildiz</surname></name><name><given-names>S</given-names><surname>Chu</surname></name></person-group><fpage>236</fpage><lpage>239</lpage><year iso-8601-date=\\"2012\\">2012</year><article-title>Molecular architecture and assembly principles of <italic>Vibrio cholerae</italic> biofilms</article-title><source>Science</source><volume>337</volume></element-citation></ref><ref id=\\"bib2\\"><element-citation publication-type=\\"book\\"><person-group person-group-type=\\"author\\"><name><given-names>PK</given-names><surname>Feyerabend</surname></name></person-group><edition>4th Edition</edition><year iso-8601-date=\\"2010\\">2010</year><source>Against Method</source><publisher-name>Verso</publisher-name><publisher-loc>London</publisher-loc><pub-id pub-id-type=\\"isbn\\">978-1844674428</pub-id></element-citation></ref><ref id=\\"bib3\\"><element-citation publication-type=\\"report\\"><person-group person-group-type=\\"author\\"><name><given-names>B</given-names><surname>Foley</surname></name><name><given-names>T</given-names><surname>Leitner</surname></name><name><given-names>C</given-names><surname>Apetrei</surname></name><name><given-names>B</given-names><surname>Hahn</surname></name><name><given-names>I</given-names><surname>Mizrachi</surname></name><name><given-names>J</given-names><surname>Mullins</surname></name><name><given-names>A</given-names><surname>Rambaut</surname></name><name><given-names>S</given-names><surname>Wolinsky</surname></name><name><given-names>B</given-names><surname>Korber</surname></name></person-group><year iso-8601-date=\\"2018\\">2018</year><source>Hiv Sequence Compendium 2018</source><publisher-name>US Department of Energy</publisher-name><pub-id pub-id-type=\\"doi\\">10.2172/1458915</pub-id></element-citation></ref><ref id=\\"bib4\\"><element-citation publication-type=\\"data\\"><person-group person-group-type=\\"author\\"><name><given-names>S</given-names><surname>Gavrilov</surname></name><name><given-names>RP</given-names><surname>Harvey</surname></name><name><given-names>VE</given-names><surname>Papaioannou</surname></name></person-group><year iso-8601-date=\\"2014\\">2014</year><ext-link ext-link-type=\\"uri\\" xlink:href=\\"http://www.ncbi.nlm.nih.gov/nuccore/120407038\\">http://www.ncbi.nlm.nih.gov/nuccore/120407038</ext-link><data-title>Mus musculus T-box 2 (Tbx2), mRNA</data-title><source>NCBI Nucleotide</source><version>NM_009324.2</version><pub-id pub-id-type=\\"accession\\">NM_009324</pub-id></element-citation></ref><ref id=\\"bib5\\"><element-citation publication-type=\\"web\\"><person-group person-group-type=\\"author\\"><name><given-names>A</given-names><surname>Harmon</surname></name></person-group><year iso-8601-date=\\"2019\\">2019</year><ext-link ext-link-type=\\"uri\\" xlink:href=\\"https://www.nytimes.com/2019/01/01/science/watson-dna-genetics-race.html\\">https://www.nytimes.com/2019/01/01/science/watson-dna-genetics-race.html</ext-link><article-title>James Watson had a chance to salvage his reputation on race. He made things worse</article-title><source>The New York Times</source><date-in-citation iso-8601-date=\\"2019-01-01\\">January 1, 2019</date-in-citation></element-citation></ref><ref id=\\"bib6\\"><element-citation publication-type=\\"journal\\"><person-group person-group-type=\\"author\\"><name><given-names>SM</given-names><surname>Heissler</surname></name><name><given-names>JR</given-names><surname>Sellers</surname></name></person-group><fpage>1927</fpage><lpage>1946</lpage><year iso-8601-date=\\"2016a\\">2016a</year><article-title>Various Themes of Myosin Regulation</article-title><source>Journal of Molecular Biology</source><pub-id pub-id-type=\\"doi\\">10.1016/j.jmb.2016.01.022</pub-id><volume>428</volume></element-citation></ref><ref id=\\"bib7\\"><element-citation publication-type=\\"journal\\"><person-group person-group-type=\\"author\\"><name><given-names>SM</given-names><surname>Heissler</surname></name><name><given-names>JR</given-names><surname>Sellers</surname></name></person-group><fpage>839</fpage><lpage>859</lpage><year iso-8601-date=\\"2016b\\">2016b</year><article-title>Kinetic Adaptations of Myosins for Their Diverse Cellular Functions</article-title><source>Traffic</source><pub-id pub-id-type=\\"doi\\">10.1111/tra.12388</pub-id><volume>17</volume></element-citation></ref><ref id=\\"bib8\\"><element-citation publication-type=\\"book\\"><person-group person-group-type=\\"author\\"><name><given-names>KM</given-names><surname>Hogarth</surname></name><name><given-names>J</given-names><surname>Jaroszz</surname></name><name><given-names>P</given-names><surname>Butler</surname></name></person-group><edition>2nd Edition</edition><person-group person-group-type=\\"editor\\"><name><given-names>P</given-names><surname>Butler</surname></name><name><given-names>A</given-names><surname>Mitchell</surname></name><name><given-names>JC</given-names><surname>Healy</surname></name></person-group><fpage>1</fpage><lpage>32</lpage><year iso-8601-date=\\"2012\\">2012</year><chapter-title>The skull and brain</chapter-title><source>Applied Radiological Anatomy</source><pub-id pub-id-type=\\"doi\\">10.1017/CBO9780511977930.001</pub-id><publisher-name>Cambridge University Press</publisher-name><publisher-loc>Cambridge, United Kingdom</publisher-loc><volume>1</volume><pub-id pub-id-type=\\"isbn\\">9780511977930</pub-id></element-citation></ref><ref id=\\"bib9\\"><element-citation publication-type=\\"data\\"><person-group person-group-type=\\"author\\"><name><given-names>K</given-names><surname>Kok</surname></name><name><given-names>A</given-names><surname>Ay</surname></name><name><given-names>L</given-names><surname>Li</surname></name></person-group><year iso-8601-date=\\"2015\\">2015</year><data-title>Genome-wide errant targeting by Hairy</data-title><source>Dryad Digital Repository</source><pub-id pub-id-type=\\"doi\\" xlink:href=\\"10.5061/dryad.53sq7kn\\">10.5061/dryad.53sq7kn</pub-id></element-citation></ref><ref id=\\"bib10\\"><element-citation publication-type=\\"preprint\\"><person-group person-group-type=\\"author\\"><name><given-names>H</given-names><surname>Li</surname></name></person-group><year iso-8601-date=\\"2013\\">2013</year><ext-link ext-link-type=\\"uri\\" xlink:href=\\"https://arxiv.org/abs/1303.3997\\">https://arxiv.org/abs/1303.3997</ext-link><article-title>Aligning sequence reads clone sequences and assembly contigs with BWA-MEM</article-title><source>arXiv</source></element-citation></ref><ref id=\\"bib11\\"><element-citation publication-type=\\"software\\"><person-group person-group-type=\\"author\\"><name><given-names>D</given-names><surname>Linares</surname></name></person-group><year iso-8601-date=\\"2019\\">2019</year><ext-link ext-link-type=\\"uri\\" xlink:href=\\"https://github.com/danilinares/2018LinaresAguilarLopezmoliner\\">https://github.com/danilinares/2018LinaresAguilarLopezmoliner</ext-link><source>Data and Code for 'Decoupling Sensory From Decisional Choice Biases in Perceptual Decision Making'</source><version>3e48e64</version><publisher-name>GitHub</publisher-name></element-citation></ref><ref id=\\"bib12\\"><element-citation publication-type=\\"confproc\\"><person-group person-group-type=\\"author\\"><name><given-names>MA</given-names><surname>Miller</surname></name><name><given-names>W</given-names><surname>Pfeiffer</surname></name><name><given-names>T</given-names><surname>Schwartz</surname></name></person-group><conf-name>Proceedings of the 2011 TeraGrid Conference: Extreme Digital Discovery</conf-name><conf-loc>Salt Lake City, Utah</conf-loc><fpage>1</fpage><lpage>8</lpage><year iso-8601-date=\\"2011\\">2011</year><article-title>The CIPRES science gateway: a community resource for phylogenetic analyses</article-title><ext-link ext-link-type=\\"uri\\" xlink:href=\\"https://dl.acm.org/citation.cfm?doid=2016741.2016785\\">https://dl.acm.org/citation.cfm?doid=2016741.2016785</ext-link></element-citation></ref><ref id=\\"bib13\\"><element-citation publication-type=\\"data\\"><person-group person-group-type=\\"author\\"><name><given-names>DP</given-names><surname>Mulvihill</surname></name></person-group><year iso-8601-date=\\"2010\\">2010</year><data-title>TORC2 dependent phosphorylation modulates calcium regulation of fission yeast myosin</data-title><source>Kent Data Repository</source></element-citation></ref><ref id=\\"bib14\\"><element-citation publication-type=\\"preprint\\"><person-group person-group-type=\\"author\\"><name><given-names>D</given-names><surname>Murray</surname></name><name><given-names>K</given-names><surname>Siler</surname></name><name><given-names>V</given-names><surname>Larivière</surname></name><name><given-names>Wei Mun</given-names><surname>Chan</surname></name><name><given-names>AM</given-names><surname>Collings</surname></name><name><given-names>Jennifer</given-names><surname>Rayond</surname></name><name><given-names>CR</given-names><surname>Sugimoto</surname></name></person-group><year iso-8601-date=\\"2019\\">2019</year><article-title>Gender and international diversity improves equity in peer review</article-title><source>bioRxiv</source><pub-id pub-id-type=\\"doi\\">10.1101/400515</pub-id></element-citation></ref><ref id=\\"bib15\\"><element-citation publication-type=\\"patent\\"><person-group person-group-type=\\"author\\"><name><given-names>T</given-names><surname>Onoda</surname></name></person-group><year iso-8601-date=\\"2015\\">2015</year><article-title>Imidazopyridine Derivative</article-title><source>World Intellectual Property Organization</source><patent>2015087996</patent><ext-link ext-link-type=\\"uri\\" xlink:href=\\"https://patents.google.com/patent/WO2015087996A1/en\\">https://patents.google.com/patent/WO2015087996A1/en</ext-link></element-citation></ref><ref id=\\"bib16\\"><element-citation publication-type=\\"software\\"><person-group person-group-type=\\"author\\"><collab>R Development Core Team</collab></person-group><year iso-8601-date=\\"2014\\">2014</year><ext-link ext-link-type=\\"uri\\" xlink:href=\\"http://www.R-project.org/\\">http://www.R-project.org/</ext-link><article-title>R: A Language and Environment for Statistical Computing</article-title><publisher-name>R Foundation for Statistical Computing</publisher-name><publisher-loc>Vienna, Austria</publisher-loc></element-citation></ref><ref id=\\"bib17\\"><element-citation publication-type=\\"data\\"><person-group person-group-type=\\"author\\"><name><given-names>K</given-names><surname>Read</surname></name></person-group><year iso-8601-date=\\"2015\\">2015</year><data-title>Sizing the Problem of Improving Discovery and Access to NIH-funded Data: A Preliminary Study (Datasets)</data-title><source>Figshare</source><pub-id pub-id-type=\\"doi\\" xlink:href=\\"10.6084/m9.figshare.1285515\\">10.6084/m9.figshare.1285515</pub-id></element-citation></ref><ref id=\\"bib18\\"><element-citation publication-type=\\"periodical\\"><person-group person-group-type=\\"author\\"><name><given-names>J</given-names><surname>Schwartz</surname></name></person-group><article-title>Obesity affects economic, social status</article-title><source>The Washington Post</source><fpage>A1</fpage><lpage>A4</lpage></element-citation></ref><ref id=\\"bib19\\"><element-citation publication-type=\\"confproc\\"><person-group person-group-type=\\"author\\"><name><given-names>S</given-names><surname>Spangler</surname></name></person-group><conf-name>Proceedings of the 20th ACM SIGKDD International Conference on Knowledge Discovery and Data Mining</conf-name><fpage>1877</fpage><lpage>1886</lpage><year iso-8601-date=\\"2014\\">2014</year><article-title>Automated hypothesis generation based on mining scientific literature</article-title><pub-id pub-id-type=\\"doi\\">10.1145/2623330.2623667</pub-id></element-citation></ref><ref id=\\"bib20\\"><element-citation publication-type=\\"journal\\"><person-group person-group-type=\\"author\\"><name><given-names>S</given-names><surname>Srinivasan</surname></name><name><given-names>C Nadir</given-names><surname>Kaplan</surname></name><name><given-names>L</given-names><surname>Mahadevan</surname></name></person-group><elocation-id>e42697</elocation-id><year iso-8601-date=\\"2019\\">2019</year><article-title>A multiphase theory for spreadingmicrobial swarms and films</article-title><source>eLife</source><pub-id pub-id-type=\\"doi\\">10.7554/eLife.42697</pub-id><pub-id pub-id-type=\\"pmid\\">31038122</pub-id><pub-id pub-id-type=\\"pmcid\\">PMC12345</pub-id><volume>8</volume></element-citation></ref><ref id=\\"bib21\\"><element-citation publication-type=\\"periodical\\"><person-group person-group-type=\\"author\\"><name><given-names>WP</given-names><surname>Wahls</surname></name></person-group><article-title>Send my tax dollars to Mississippi</article-title><source>ASBMB Today</source><volume>15</volume><fpage>24</fpage><lpage>25</lpage><ext-link ext-link-type=\\"uri\\" xlink:href=\\"https://www.asbmb.org/asbmbtoday/201610/Essay/\\">https://www.asbmb.org/asbmbtoday/201610/Essay/</ext-link></element-citation></ref><ref id=\\"bib22\\"><element-citation publication-type=\\"web\\"><person-group person-group-type=\\"author\\"><name><given-names>J</given-names><surname>Walker</surname></name></person-group><year iso-8601-date=\\"1994\\">1994</year><ext-link ext-link-type=\\"uri\\" xlink:href=\\"https://www.fourmilab.ch/solar/\\">https://www.fourmilab.ch/solar/</ext-link><article-title>Solar System Live</article-title><date-in-citation iso-8601-date=\\"1995-09-10\\">September 10, 1995</date-in-citation></element-citation></ref><ref id=\\"bib23\\"><element-citation publication-type=\\"report\\"><person-group person-group-type=\\"author\\"><collab>World Health Organization</collab></person-group><year iso-8601-date=\\"2015\\">2015</year><ext-link ext-link-type=\\"uri\\" xlink:href=\\"http://www.who.int/malaria/publications/world-malaria-report-2015/en/\\">http://www.who.int/malaria/publications/world-malaria-report-2015/en/</ext-link><source>World Malaria Report 2015</source><publisher-name>World Health Organization</publisher-name><publisher-loc>Geneva</publisher-loc></element-citation></ref><ref id=\\"bib24\\"><element-citation publication-type=\\"journal\\"><person-group person-group-type=\\"author\\"><name><given-names>S</given-names><surname>Zhang</surname></name><name><given-names>CH</given-names><surname>Huang</surname></name><name><given-names>Y</given-names><surname>Aj</surname></name></person-group><year iso-8601-date=\\"2014\\">2014</year><article-title>Sequential effects: a bayesian analysis of prior bias on reaction time and behavioral choice</article-title><source>Cognitive Science Society</source></element-citation></ref><ref id=\\"bib25\\"><element-citation publication-type=\\"journal\\"><person-group person-group-type=\\"author\\"><name><given-names>D</given-names><surname>Zoolander</surname></name><name><given-names></given-names><surname>Hansel</surname></name><name><given-names>J</given-names><surname>Mugatu</surname></name></person-group><elocation-id>e00067</elocation-id><year iso-8601-date=\\"2019\\">2019</year><article-title>Second related article title (if present)</article-title><source>eLife</source><pub-id pub-id-type=\\"doi\\">10.7554/eLife.00067</pub-id><pub-id pub-id-type=\\"pmid\\">00030000</pub-id><pub-id pub-id-type=\\"pmcid\\">PMC00005</pub-id><volume>8</volume></element-citation></ref><ref id=\\"bib26\\"><element-citation publication-type=\\"journal\\"><person-group person-group-type=\\"author\\"><name><given-names>J</given-names><surname>Zz</surname></name><name><given-names>CR</given-names><surname>Daniel</surname></name><name><given-names>KR</given-names><surname>Hess</surname></name></person-group><year iso-8601-date=\\"2019\\">2019</year><article-title>The association of BMI and outcomes in metastatic melanoma: a retrospective, multicohort analysis of patients treated with targeted therapy, immunotherapy, or chemotherapy</article-title><source>The Lancet. Oncology</source><comment>In press</comment></element-citation></ref></ref-list>
    </back>
</article>"
`;
